[templates.fabric-lab.co/archios/index.html]
[backblue.gif]
[fade.gif]
[index.html]
[templates.fabric-lab.co/archios/css/bootstrap.min.css]
[templates.fabric-lab.co/archios/css/font-awesome.min.css]
[templates.fabric-lab.co/archios/css/line-awesome.min.css]
[templates.fabric-lab.co/archios/css/magnific-popup.css]
[templates.fabric-lab.co/archios/css/owl.carousel.css]
[templates.fabric-lab.co/archios/css/owl.theme.css]
[templates.fabric-lab.co/archios/css/jquery-ui.min.css]
[templates.fabric-lab.co/archios/css/jquery.bxslider.css]
[templates.fabric-lab.co/archios/css/flexslider.css]
[templates.fabric-lab.co/archios/css/settings.css]
[templates.fabric-lab.co/archios/css/layers.css]
[templates.fabric-lab.co/archios/css/navigation.css]
[templates.fabric-lab.co/archios/css/style.css]
[templates.fabric-lab.co/archios/images/logo.png]
[templates.fabric-lab.co/archios/upload/architecture/slide1.jpg]
[templates.fabric-lab.co/archios/portfolio.html]
[templates.fabric-lab.co/archios/upload/architecture/member1.jpg]
[templates.fabric-lab.co/archios/single-project.html]
[templates.fabric-lab.co/archios/upload/architecture/member2.jpg]
[templates.fabric-lab.co/archios/upload/architecture/member3.jpg]
[templates.fabric-lab.co/archios/upload/architecture/tab1.jpg]
[templates.fabric-lab.co/archios/upload/architecture/transformational_designs.png]
[templates.fabric-lab.co/archios/upload/architecture/s1.jpg]
[templates.fabric-lab.co/archios/upload/architecture/s2.jpg]
[templates.fabric-lab.co/archios/upload/architecture/s3.jpg]
[templates.fabric-lab.co/archios/single-post.html]
[templates.fabric-lab.co/archios/upload/architecture/blog1.jpg]
[templates.fabric-lab.co/archios/upload/architecture/blog2.jpg]
[templates.fabric-lab.co/archios/blog.html]
[templates.fabric-lab.co/archios/upload/architecture/blog3.jpg]
[templates.fabric-lab.co/archios/upload/architecture/instagram/1.jpg]
[templates.fabric-lab.co/archios/upload/architecture/instagram/2.jpg]
[templates.fabric-lab.co/archios/upload/architecture/instagram/3.jpg]
[templates.fabric-lab.co/archios/upload/architecture/instagram/4.jpg]
[templates.fabric-lab.co/archios/upload/architecture/instagram/5.jpg]
[templates.fabric-lab.co/archios/upload/architecture/instagram/6.jpg]
[templates.fabric-lab.co/archios/upload/architecture/instagram/7.jpg]
[templates.fabric-lab.co/archios/upload/architecture/instagram/8.png]
[templates.fabric-lab.co/archios/js/jquery.migrate.js]
[templates.fabric-lab.co/archios/js/jquery.min.js]
[templates.fabric-lab.co/archios/js/jquery.nouislider.min.js]
[templates.fabric-lab.co/archios/js/jquery.magnific-popup.min.js]
[templates.fabric-lab.co/archios/js/jquery.imagesloaded.min.js]
[templates.fabric-lab.co/archios/js/jquery.isotope.min.js]
[templates.fabric-lab.co/archios/js/jquery.bxslider.min.js]
[templates.fabric-lab.co/archios/js/jquery-ui.min.js]
[templates.fabric-lab.co/archios/js/jquery.flexslider.js]
[templates.fabric-lab.co/archios/js/bootstrap.min.js]
[templates.fabric-lab.co/archios/js/owl.carousel.min.js]
[templates.fabric-lab.co/archios/js/pathLoader.js]
[templates.fabric-lab.co/archios/js/jquery.appear.js]
[templates.fabric-lab.co/archios/js/jquery.themepunch.revolution.min.js]
[templates.fabric-lab.co/archios/js/jquery.countTo.js]
[templates.fabric-lab.co/archios/js/jquery.themepunch.tools.min.js]
[templates.fabric-lab.co/archios/js/script.js]
[templates.fabric-lab.co/archios/index.html]
[templates.fabric-lab.co/archios/css/bootstrap.min.css]
[templates.fabric-lab.co/archios/js/gmap3.min.js]
[templates.fabric-lab.co/archios/css/fonts/fa-brands-400.eot]
[templates.fabric-lab.co/archios/css/fonts/fa-brands-400d41d.eot]
[templates.fabric-lab.co/archios/css/fonts/fa-brands-400.woff2]
[templates.fabric-lab.co/archios/css/fonts/fa-brands-400.woff]
[templates.fabric-lab.co/archios/css/fonts/fa-brands-400.ttf]
[templates.fabric-lab.co/archios/css/fonts/fa-regular-400.eot]
[templates.fabric-lab.co/archios/css/fonts/fa-regular-400.woff2]
[templates.fabric-lab.co/archios/css/fonts/fa-regular-400.woff]
[templates.fabric-lab.co/archios/css/fonts/fa-regular-400d41d.eot]
[templates.fabric-lab.co/archios/css/fonts/fa-regular-400.ttf]
[templates.fabric-lab.co/archios/css/fonts/fa-brands-400.svg]
[templates.fabric-lab.co/archios/css/fonts/fa-solid-900.eot]
[templates.fabric-lab.co/archios/css/fonts/fa-regular-400.svg]
[templates.fabric-lab.co/archios/css/fonts/fa-solid-900d41d.eot]
[templates.fabric-lab.co/archios/css/fonts/fa-solid-900.woff2]
[templates.fabric-lab.co/archios/css/fonts/fa-solid-900.woff]
[templates.fabric-lab.co/archios/css/fonts/fa-solid-900.ttf]
[templates.fabric-lab.co/archios/css/font-awesome.min.css]
[templates.fabric-lab.co/archios/css/fonts/line-awesomeeb4f.eot]
[templates.fabric-lab.co/archios/css/fonts/line-awesome0176.eot]
[templates.fabric-lab.co/archios/css/fonts/fa-solid-900.svg]
[templates.fabric-lab.co/archios/css/fonts/line-awesomeeb4f.woff2]
[templates.fabric-lab.co/archios/css/fonts/line-awesomeeb4f.woff]
[templates.fabric-lab.co/archios/css/fonts/line-awesomeeb4f.ttf]
[templates.fabric-lab.co/archios/css/line-awesome.min.css]
[templates.fabric-lab.co/archios/css/magnific-popup.css]
[templates.fabric-lab.co/archios/css/owl.video.play.50.delayed]
[templates.fabric-lab.co/archios/css/owl.carousel.css]
[templates.fabric-lab.co/archios/css/owl.theme.css]
[templates.fabric-lab.co/archios/images/ui-icons_444444_256x240.png]
[templates.fabric-lab.co/archios/images/ui-icons_555555_256x240.png]
[templates.fabric-lab.co/archios/images/ui-icons_ffffff_256x240.png]
[templates.fabric-lab.co/archios/images/ui-icons_777620_256x240.png]
[templates.fabric-lab.co/archios/css/fonts/line-awesomeeb4f.svg]
[templates.fabric-lab.co/archios/images/ui-icons_cc0000_256x240.png]
[templates.fabric-lab.co/archios/css/jquery-ui.min.css]
[templates.fabric-lab.co/archios/images/ui-icons_777777_256x240.png]
[templates.fabric-lab.co/archios/images/bx_loader.gif]
[templates.fabric-lab.co/archios/css/images/controls.png]
[templates.fabric-lab.co/archios/css/jquery.bxslider.css]
[templates.fabric-lab.co/archios/css/flexslider.css]
[templates.fabric-lab.co/archios/fonts/revicons/revicons90c6.eot]
[templates.fabric-lab.co/archios/fonts/revicons/revicons90c6.woff]
[templates.fabric-lab.co/archios/fonts/revicons/revicons90c6.ttf]
[templates.fabric-lab.co/archios/fonts/revicons/revicons90c6.svg]
[templates.fabric-lab.co/archios/css/openhand.cur]
[templates.fabric-lab.co/archios/css/closedhand.cur]
[templates.fabric-lab.co/archios/assets/gridtile.png]
[templates.fabric-lab.co/archios/assets/gridtile_white.png]
[templates.fabric-lab.co/archios/assets/gridtile_3x3.png]
[templates.fabric-lab.co/archios/assets/gridtile_3x3_white.png]
[templates.fabric-lab.co/archios/assets/coloredbg.png]
[templates.fabric-lab.co/archios/assets/loader.gif]
[templates.fabric-lab.co/archios/css/settings.css]
[templates.fabric-lab.co/archios/css/layers.css]
[templates.fabric-lab.co/archios/css/navigation.css]
[templates.fabric-lab.co/archios/upload/architecture/page-title-bg.jpg]
[templates.fabric-lab.co/archios/upload/home10/bg2.png]
[templates.fabric-lab.co/archios/css/style.css]
[templates.fabric-lab.co/archios/upload/architecture/portfolio/portfolio1.jpg]
[templates.fabric-lab.co/archios/upload/architecture/portfolio/portfolio2.jpg]
[templates.fabric-lab.co/archios/upload/architecture/portfolio/portfolio3.jpg]
[templates.fabric-lab.co/archios/upload/architecture/portfolio/portfolio4.jpg]
[templates.fabric-lab.co/archios/upload/architecture/portfolio/portfolio5.jpg]
[templates.fabric-lab.co/archios/upload/architecture/portfolio/portfolio6.jpg]
[templates.fabric-lab.co/archios/upload/architecture/portfolio/portfolio7.jpg]
[templates.fabric-lab.co/archios/upload/architecture/portfolio/portfolio8.jpg]
[templates.fabric-lab.co/archios/upload/architecture/portfolio/portfolio9.jpg]
[templates.fabric-lab.co/archios/upload/architecture/portfolio/portfolio10.jpg]
[templates.fabric-lab.co/archios/upload/architecture/portfolio/portfolio11.jpg]
[templates.fabric-lab.co/archios/upload/architecture/portfolio/portfolio12.jpg]
[templates.fabric-lab.co/archios/portfolio.html]
[templates.fabric-lab.co/archios/upload/architecture/single-project/project-img2.jpg]
[templates.fabric-lab.co/archios/upload/architecture/single-project/gallery1.jpg]
[templates.fabric-lab.co/archios/upload/architecture/single-project/gallery2.jpg]
[templates.fabric-lab.co/archios/upload/architecture/single-project/gallery3.jpg]
[templates.fabric-lab.co/archios/upload/architecture/single-project/gallery4.jpg]
[templates.fabric-lab.co/archios/upload/architecture/single-project/gallery5.jpg]
[templates.fabric-lab.co/archios/upload/architecture/single-project/gallery6.jpg]
[templates.fabric-lab.co/archios/upload/architecture/single-project/gallery7.jpg]
[templates.fabric-lab.co/archios/upload/architecture/single-project/gallery8.jpg]
[templates.fabric-lab.co/archios/upload/architecture/single-project/gallery9.jpg]
[templates.fabric-lab.co/archios/upload/architecture/single-project/gallery10.jpg]
[templates.fabric-lab.co/archios/upload/architecture/single-project/gallery11.jpg]
[templates.fabric-lab.co/archios/upload/architecture/single-project/gallery12.jpg]
[templates.fabric-lab.co/archios/upload/architecture/single-project/gallery13.jpg]
[templates.fabric-lab.co/archios/upload/architecture/single-project/gallery14.jpg]
[templates.fabric-lab.co/archios/upload/architecture/single-project/gallery15.jpg]
[templates.fabric-lab.co/archios/single-project.html]
[templates.fabric-lab.co/archios/upload/architecture/single-project/gallery16.jpg]
[templates.fabric-lab.co/archios/upload/architecture/single-post/single-post-img.jpg]
[templates.fabric-lab.co/archios/upload/architecture/single-post/author.jpg]
[templates.fabric-lab.co/archios/upload/architecture/single-post/commenter1.jpg]
[templates.fabric-lab.co/archios/upload/architecture/single-post/commenter2.jpg]
[templates.fabric-lab.co/archios/single-post.html]
[templates.fabric-lab.co/archios/blog.html]
[templates.fabric-lab.co/archios/css/fonts/fa-brands-400.svg]
[templates.fabric-lab.co/archios/css/fonts/fa-regular-400.svg]
[templates.fabric-lab.co/archios/css/fonts/fa-solid-900.svg]
[templates.fabric-lab.co/archios/css/fonts/line-awesomeeb4f.svg]
[templates.fabric-lab.co/archios/css/owl.video.play.html]
[templates.fabric-lab.co/archios/images/bx_loader.html]
[templates.fabric-lab.co/archios/css/images/controls.html]
[templates.fabric-lab.co/archios/fonts/revicons/revicons90c6.svg]
[templates.fabric-lab.co/archios/assets/gridtile.html]
[templates.fabric-lab.co/archios/assets/gridtile_white.html]
[templates.fabric-lab.co/archios/assets/gridtile_3x3.html]
[templates.fabric-lab.co/archios/assets/gridtile_3x3_white.html]
[templates.fabric-lab.co/archios/assets/coloredbg.html]
[templates.fabric-lab.co/archios/assets/loader.html]
[templates.fabric-lab.co/archios/upload/home10/bg2.html]
[templates.fabric-lab.co/archios/upload/architecture/single-post/commenter3.jpg]
